[0.000000] (-) TimerEvent: {}
[0.000571] (-) JobUnselected: {'identifier': 'cave_generator'}
[0.001114] (-) JobUnselected: {'identifier': 'drone_bringup'}
[0.001417] (-) JobUnselected: {'identifier': 'exploration_planner'}
[0.001744] (slam_pipeline) JobQueued: {'identifier': 'slam_pipeline', 'dependencies': OrderedDict()}
[0.001826] (slam_pipeline) JobStarted: {'identifier': 'slam_pipeline'}
[0.099270] (-) TimerEvent: {}
[0.199519] (-) TimerEvent: {}
[0.299757] (-) TimerEvent: {}
[0.400119] (-) TimerEvent: {}
[0.500395] (-) TimerEvent: {}
[0.600682] (-) TimerEvent: {}
[0.700959] (-) TimerEvent: {}
[0.801192] (-) TimerEvent: {}
[0.901445] (-) TimerEvent: {}
[1.001694] (-) TimerEvent: {}
[1.102009] (-) TimerEvent: {}
[1.188629] (slam_pipeline) Command: {'cmd': ['/usr/bin/python3', '-W', 'ignore:setup.py install is deprecated', '-W', 'ignore:easy_install command is deprecated', 'setup.py', 'egg_info', '--egg-base', '../build/slam_pipeline', 'build', '--build-base', '/home/smalld/Downloads/space_robo_proj/cave_drone_sim/src/build/slam_pipeline/build', 'install', '--record', '/home/smalld/Downloads/space_robo_proj/cave_drone_sim/src/build/slam_pipeline/install.log', '--single-version-externally-managed', 'install_data'], 'cwd': '/home/smalld/Downloads/space_robo_proj/cave_drone_sim/src/slam_pipeline', 'env': {'GJS_DEBUG_TOPICS': 'JS ERROR;JS LOG', 'LESSOPEN': '| /usr/bin/lesspipe %s', 'VSCODE_CWD': '/home/smalld', 'GZ_SIM_RESOURCE_PATH': '/home/smalld/ros2_ws/install/terrain_mapping_drone_control/share/terrain_mapping_drone_control/models:/home/smalld/PX4-Autopilot/Tools/simulation/gz/models:/home/smalld/PX4-Autopilot/Tools/simulation/gz/worlds:/home/smalld/ros2_ws/install/terrain_mapping_drone_control/share/terrain_mapping_drone_control/models:/home/smalld/PX4-Autopilot/Tools/simulation/gz/models:/home/smalld/PX4-Autopilot/Tools/simulation/gz/worlds::/home/smalld/ros2_ws/install/terrain_mapping_drone_control/share/terrain_mapping_drone_control/models', 'USER': 'smalld', 'VSCODE_NLS_CONFIG': '{"userLocale":"en-us","osLocale":"en-us","resolvedLanguage":"en","defaultMessagesFile":"/usr/share/antigravity/resources/app/out/nls.messages.json","locale":"en-us","availableLanguages":{}}', 'XDG_SESSION_TYPE': 'x11', 'SHLVL': '0', 'LD_LIBRARY_PATH': '/home/smalld/ros2_ws/install/px4_msgs/lib:/home/smalld/ros2_ws/install/px4/lib:/home/smalld/ros2_ws/install/navigator_interfaces/lib:/opt/ros/humble/opt/rviz_ogre_vendor/lib:/opt/ros/humble/lib/x86_64-linux-gnu:/opt/ros/humble/lib', 'HOME': '/home/smalld', 'CHROME_DESKTOP': 'antigravity.desktop', 'CONDA_SHLVL': '0', 'OLDPWD': '/home/smalld/Downloads/space_robo_proj/cave_drone_sim/src', 'DESKTOP_SESSION': 'ubuntu', 'VSCODE_IPC_HOOK': '/run/user/1000/vscode-561ec6e9-1.10-main.sock', 'GIO_LAUNCHED_DESKTOP_FILE': '/usr/share/applications/antigravity.desktop', 'ROS_PYTHON_VERSION': '3', 'GNOME_SHELL_SESSION_MODE': 'ubuntu', 'GTK_MODULES': 'gail:atk-bridge', 'PAGER': 'cat', 'MANAGERPID': '1968', 'SYSTEMD_EXEC_PID': '2288', 'DBUS_SESSION_BUS_ADDRESS': 'unix:path=/run/user/1000/bus', '_CE_M': '', '_CONDA_ROOT': '/home/smalld/miniconda3', 'ANTIGRAVITY_AGENT': '1', 'GIO_LAUNCHED_DESKTOP_FILE_PID': '293182', 'COLCON_PREFIX_PATH': '/home/smalld/ros2_ws/install', 'ROS_DISTRO': 'humble', 'GTK_IM_MODULE': 'ibus', 'LOGNAME': 'smalld', 'JOURNAL_STREAM': '8:13791', '_': '/usr/bin/colcon', 'ROS_VERSION': '2', 'XDG_SESSION_CLASS': 'user', 'USERNAME': 'smalld', 'TERM': 'dumb', 'GNOME_DESKTOP_SESSION_ID': 'this-is-deprecated', '_CE_CONDA': '', 'FC_FONTATIONS': '1', 'ROS_LOCALHOST_ONLY': '0', 'WINDOWPATH': '2', 'ANTIGRAVITY_EDITOR_APP_ROOT': '/usr/share/antigravity/resources/app', 'PATH': '/home/smalld/.local/bin:/home/smalld/miniconda3/condabin:/home/smalld/ros2_ws/install/terrain_mapping_drone_control/bin:/opt/ros/humble/bin:/home/smalld/.local/bin:/usr/local/sbin:/usr/local/bin:/usr/sbin:/usr/bin:/sbin:/bin:/usr/games:/usr/local/games:/snap/bin:/snap/bin:/opt/xtensa-esp-elf/bin/:/opt/xtensa-esp-elf/bin/', 'SESSION_MANAGER': 'local/smalld:@/tmp/.ICE-unix/2261,unix/smalld:/tmp/.ICE-unix/2261', 'INVOCATION_ID': 'd054980eafa94013b4bf91a051b8e061', 'XDG_MENU_PREFIX': 'gnome-', 'XDG_RUNTIME_DIR': '/run/user/1000', 'GDK_BACKEND': 'x11', 'DISPLAY': ':1', 'LANG': 'en_US.UTF-8', 'XDG_CURRENT_DESKTOP': 'ubuntu:GNOME', 'XMODIFIERS': '@im=ibus', 'XDG_SESSION_DESKTOP': 'ubuntu', 'XAUTHORITY': '/run/user/1000/gdm/Xauthority', 'LS_COLORS': '', 'SSH_AGENT_LAUNCHER': 'gnome-keyring', 'SSH_AUTH_SOCK': '/run/user/1000/keyring/ssh', 'AMENT_PREFIX_PATH': '/home/smalld/ros2_ws/install/terrain_mapping_drone_control:/home/smalld/ros2_ws/install/drone_square_navigator:/home/smalld/ros2_ws/install/px4_msgs:/home/smalld/ros2_ws/install/px4:/home/smalld/ros2_ws/install/navigator_interfaces:/home/smalld/ros2_ws/install/hackthon:/opt/ros/humble', 'CONDA_PYTHON_EXE': '/home/smalld/miniconda3/bin/python', 'SHELL': '/bin/bash', 'QT_ACCESSIBILITY': '1', 'GDMSESSION': 'ubuntu', 'GZ_DISTRO': 'harmonic', 'LESSCLOSE': '/usr/bin/lesspipe %s %s', 'GPG_AGENT_INFO': '/run/user/1000/gnupg/S.gpg-agent:0:1', 'GJS_DEBUG_OUTPUT': 'stderr', '_CONDA_EXE': '/home/smalld/miniconda3/bin/conda', 'QT_IM_MODULE': 'ibus', 'ANTIGRAVITY_TRAJECTORY_ID': 'ee3f7a7f-0118-4030-b4bd-5bcd23f6a8e9', 'PWD': '/home/smalld/Downloads/space_robo_proj/cave_drone_sim/src/build/slam_pipeline', 'LC_ALL': 'en_US.UTF-8', 'XDG_CONFIG_DIRS': '/etc/xdg/xdg-ubuntu:/etc/xdg', 'CONDA_EXE': '/home/smalld/miniconda3/bin/conda', 'VSCODE_CODE_CACHE_PATH': '/home/smalld/.config/Antigravity/CachedData/15487b3041e65228cae24980a3f796c905ef582c', 'XDG_DATA_DIRS': '/usr/share/ubuntu:/usr/share/gnome:/usr/local/share/:/usr/share/:/var/lib/snapd/desktop', 'PYTHONPATH': '/home/smalld/Downloads/space_robo_proj/cave_drone_sim/src/build/slam_pipeline/prefix_override:/usr/lib/python3/dist-packages/colcon_core/task/python/colcon_distutils_commands:/home/smalld/Downloads/space_robo_proj/cave_drone_sim/src/install/slam_pipeline/lib/python3.10/site-packages:/home/smalld/ros2_ws/install/terrain_mapping_drone_control/lib/python3.10/site-packages:/home/smalld/ros2_ws/install/drone_square_navigator/lib/python3.10/site-packages:/home/smalld/ros2_ws/install/px4_msgs/local/lib/python3.10/dist-packages:/home/smalld/ros2_ws/install/navigator_interfaces/local/lib/python3.10/dist-packages:/home/smalld/ros2_ws/install/hackthon/lib/python3.10/site-packages:/opt/ros/humble/lib/python3.10/site-packages:/opt/ros/humble/local/lib/python3.10/dist-packages', 'COLCON': '1', 'CMAKE_PREFIX_PATH': '/home/smalld/ros2_ws/install/px4_msgs:/home/smalld/ros2_ws/install/px4:/home/smalld/ros2_ws/install/navigator_interfaces', 'VSCODE_PID': '293182'}, 'shell': False}
[1.202071] (-) TimerEvent: {}
[1.302290] (-) TimerEvent: {}
[1.402595] (-) TimerEvent: {}
[1.502969] (-) TimerEvent: {}
[1.603342] (-) TimerEvent: {}
[1.623110] (slam_pipeline) StdoutLine: {'line': b'running egg_info\n'}
[1.624210] (slam_pipeline) StdoutLine: {'line': b'writing ../build/slam_pipeline/slam_pipeline.egg-info/PKG-INFO\n'}
[1.624513] (slam_pipeline) StdoutLine: {'line': b'writing dependency_links to ../build/slam_pipeline/slam_pipeline.egg-info/dependency_links.txt\n'}
[1.624772] (slam_pipeline) StdoutLine: {'line': b'writing entry points to ../build/slam_pipeline/slam_pipeline.egg-info/entry_points.txt\n'}
[1.626187] (slam_pipeline) StdoutLine: {'line': b'writing requirements to ../build/slam_pipeline/slam_pipeline.egg-info/requires.txt\n'}
[1.626378] (slam_pipeline) StdoutLine: {'line': b'writing top-level names to ../build/slam_pipeline/slam_pipeline.egg-info/top_level.txt\n'}
[1.628890] (slam_pipeline) StdoutLine: {'line': b"reading manifest file '../build/slam_pipeline/slam_pipeline.egg-info/SOURCES.txt'\n"}
[1.631262] (slam_pipeline) StdoutLine: {'line': b"writing manifest file '../build/slam_pipeline/slam_pipeline.egg-info/SOURCES.txt'\n"}
[1.631909] (slam_pipeline) StdoutLine: {'line': b'running build\n'}
[1.632069] (slam_pipeline) StdoutLine: {'line': b'running build_py\n'}
[1.632192] (slam_pipeline) StdoutLine: {'line': b'copying slam_pipeline/octomap_builder.py -> /home/smalld/Downloads/space_robo_proj/cave_drone_sim/src/build/slam_pipeline/build/lib/slam_pipeline\n'}
[1.632424] (slam_pipeline) StdoutLine: {'line': b'copying slam_pipeline/map_saver.py -> /home/smalld/Downloads/space_robo_proj/cave_drone_sim/src/build/slam_pipeline/build/lib/slam_pipeline\n'}
[1.632834] (slam_pipeline) StdoutLine: {'line': b'running install\n'}
[1.633315] (slam_pipeline) StdoutLine: {'line': b'running install_lib\n'}
[1.635009] (slam_pipeline) StdoutLine: {'line': b'copying /home/smalld/Downloads/space_robo_proj/cave_drone_sim/src/build/slam_pipeline/build/lib/slam_pipeline/octomap_builder.py -> /home/smalld/Downloads/space_robo_proj/cave_drone_sim/src/install/slam_pipeline/lib/python3.10/site-packages/slam_pipeline\n'}
[1.635161] (slam_pipeline) StdoutLine: {'line': b'copying /home/smalld/Downloads/space_robo_proj/cave_drone_sim/src/build/slam_pipeline/build/lib/slam_pipeline/map_saver.py -> /home/smalld/Downloads/space_robo_proj/cave_drone_sim/src/install/slam_pipeline/lib/python3.10/site-packages/slam_pipeline\n'}
[1.635872] (slam_pipeline) StdoutLine: {'line': b'byte-compiling /home/smalld/Downloads/space_robo_proj/cave_drone_sim/src/install/slam_pipeline/lib/python3.10/site-packages/slam_pipeline/octomap_builder.py to octomap_builder.cpython-310.pyc\n'}
[1.643606] (slam_pipeline) StdoutLine: {'line': b'byte-compiling /home/smalld/Downloads/space_robo_proj/cave_drone_sim/src/install/slam_pipeline/lib/python3.10/site-packages/slam_pipeline/map_saver.py to map_saver.cpython-310.pyc\n'}
[1.646011] (slam_pipeline) StdoutLine: {'line': b'running install_data\n'}
[1.646427] (slam_pipeline) StdoutLine: {'line': b'copying config/slam_params.yaml -> /home/smalld/Downloads/space_robo_proj/cave_drone_sim/src/install/slam_pipeline/share/slam_pipeline/config\n'}
[1.646643] (slam_pipeline) StdoutLine: {'line': b'running install_egg_info\n'}
[1.649193] (slam_pipeline) StdoutLine: {'line': b"removing '/home/smalld/Downloads/space_robo_proj/cave_drone_sim/src/install/slam_pipeline/lib/python3.10/site-packages/slam_pipeline-0.1.0-py3.10.egg-info' (and everything under it)\n"}
[1.649636] (slam_pipeline) StdoutLine: {'line': b'Copying ../build/slam_pipeline/slam_pipeline.egg-info to /home/smalld/Downloads/space_robo_proj/cave_drone_sim/src/install/slam_pipeline/lib/python3.10/site-packages/slam_pipeline-0.1.0-py3.10.egg-info\n'}
[1.650842] (slam_pipeline) StdoutLine: {'line': b'running install_scripts\n'}
[1.683235] (slam_pipeline) StdoutLine: {'line': b'Installing degeneracy_detector script to /home/smalld/Downloads/space_robo_proj/cave_drone_sim/src/install/slam_pipeline/lib/slam_pipeline\n'}
[1.683746] (slam_pipeline) StdoutLine: {'line': b'Installing map_saver script to /home/smalld/Downloads/space_robo_proj/cave_drone_sim/src/install/slam_pipeline/lib/slam_pipeline\n'}
[1.683935] (slam_pipeline) StdoutLine: {'line': b'Installing octomap_builder script to /home/smalld/Downloads/space_robo_proj/cave_drone_sim/src/install/slam_pipeline/lib/slam_pipeline\n'}
[1.684039] (slam_pipeline) StdoutLine: {'line': b'Installing simple_lidar_odom script to /home/smalld/Downloads/space_robo_proj/cave_drone_sim/src/install/slam_pipeline/lib/slam_pipeline\n'}
[1.684520] (slam_pipeline) StdoutLine: {'line': b"writing list of installed files to '/home/smalld/Downloads/space_robo_proj/cave_drone_sim/src/build/slam_pipeline/install.log'\n"}
[1.703540] (-) TimerEvent: {}
[1.769346] (slam_pipeline) CommandEnded: {'returncode': 0}
[1.783963] (slam_pipeline) JobEnded: {'identifier': 'slam_pipeline', 'rc': 0}
[1.784628] (-) EventReactorShutdown: {}
