[0.997s] Invoking command in '/home/smalld/Downloads/space_robo_proj/cave_drone_sim/src/slam_pipeline': PYTHONPATH=/home/smalld/Downloads/space_robo_proj/cave_drone_sim/src/build/slam_pipeline/prefix_override:/usr/lib/python3/dist-packages/colcon_core/task/python/colcon_distutils_commands:/home/smalld/Downloads/space_robo_proj/cave_drone_sim/src/install/slam_pipeline/lib/python3.10/site-packages:${PYTHONPATH} /usr/bin/python3 -W ignore:setup.py install is deprecated -W ignore:easy_install command is deprecated setup.py egg_info --egg-base ../build/slam_pipeline build --build-base /home/smalld/Downloads/space_robo_proj/cave_drone_sim/src/build/slam_pipeline/build install --record /home/smalld/Downloads/space_robo_proj/cave_drone_sim/src/build/slam_pipeline/install.log --single-version-externally-managed install_data
[1.345s] running egg_info
[1.346s] writing ../build/slam_pipeline/slam_pipeline.egg-info/PKG-INFO
[1.346s] writing dependency_links to ../build/slam_pipeline/slam_pipeline.egg-info/dependency_links.txt
[1.346s] writing entry points to ../build/slam_pipeline/slam_pipeline.egg-info/entry_points.txt
[1.346s] writing requirements to ../build/slam_pipeline/slam_pipeline.egg-info/requires.txt
[1.346s] writing top-level names to ../build/slam_pipeline/slam_pipeline.egg-info/top_level.txt
[1.349s] reading manifest file '../build/slam_pipeline/slam_pipeline.egg-info/SOURCES.txt'
[1.350s] writing manifest file '../build/slam_pipeline/slam_pipeline.egg-info/SOURCES.txt'
[1.350s] running build
[1.350s] running build_py
[1.350s] running install
[1.350s] running install_lib
[1.352s] running install_data
[1.353s] running install_egg_info
[1.358s] removing '/home/smalld/Downloads/space_robo_proj/cave_drone_sim/src/install/slam_pipeline/lib/python3.10/site-packages/slam_pipeline-0.1.0-py3.10.egg-info' (and everything under it)
[1.359s] Copying ../build/slam_pipeline/slam_pipeline.egg-info to /home/smalld/Downloads/space_robo_proj/cave_drone_sim/src/install/slam_pipeline/lib/python3.10/site-packages/slam_pipeline-0.1.0-py3.10.egg-info
[1.359s] running install_scripts
[1.385s] Installing degeneracy_detector script to /home/smalld/Downloads/space_robo_proj/cave_drone_sim/src/install/slam_pipeline/lib/slam_pipeline
[1.385s] Installing map_saver script to /home/smalld/Downloads/space_robo_proj/cave_drone_sim/src/install/slam_pipeline/lib/slam_pipeline
[1.385s] Installing octomap_builder script to /home/smalld/Downloads/space_robo_proj/cave_drone_sim/src/install/slam_pipeline/lib/slam_pipeline
[1.385s] Installing simple_lidar_odom script to /home/smalld/Downloads/space_robo_proj/cave_drone_sim/src/install/slam_pipeline/lib/slam_pipeline
[1.386s] writing list of installed files to '/home/smalld/Downloads/space_robo_proj/cave_drone_sim/src/build/slam_pipeline/install.log'
[1.448s] Invoked command in '/home/smalld/Downloads/space_robo_proj/cave_drone_sim/src/slam_pipeline' returned '0': PYTHONPATH=/home/smalld/Downloads/space_robo_proj/cave_drone_sim/src/build/slam_pipeline/prefix_override:/usr/lib/python3/dist-packages/colcon_core/task/python/colcon_distutils_commands:/home/smalld/Downloads/space_robo_proj/cave_drone_sim/src/install/slam_pipeline/lib/python3.10/site-packages:${PYTHONPATH} /usr/bin/python3 -W ignore:setup.py install is deprecated -W ignore:easy_install command is deprecated setup.py egg_info --egg-base ../build/slam_pipeline build --build-base /home/smalld/Downloads/space_robo_proj/cave_drone_sim/src/build/slam_pipeline/build install --record /home/smalld/Downloads/space_robo_proj/cave_drone_sim/src/build/slam_pipeline/install.log --single-version-externally-managed install_data
