[1.573s] Invoking command in '/home/smalld/Downloads/space_robo_proj/cave_drone_sim/src/slam_pipeline': PYTHONPATH=/home/smalld/Downloads/space_robo_proj/cave_drone_sim/src/build/slam_pipeline/prefix_override:/usr/lib/python3/dist-packages/colcon_core/task/python/colcon_distutils_commands:/home/smalld/Downloads/space_robo_proj/cave_drone_sim/src/install/slam_pipeline/lib/python3.10/site-packages:${PYTHONPATH} /usr/bin/python3 -W ignore:setup.py install is deprecated -W ignore:easy_install command is deprecated setup.py egg_info --egg-base ../build/slam_pipeline build --build-base /home/smalld/Downloads/space_robo_proj/cave_drone_sim/src/build/slam_pipeline/build install --record /home/smalld/Downloads/space_robo_proj/cave_drone_sim/src/build/slam_pipeline/install.log --single-version-externally-managed install_data
[2.054s] running egg_info
[2.055s] writing ../build/slam_pipeline/slam_pipeline.egg-info/PKG-INFO
[2.056s] writing dependency_links to ../build/slam_pipeline/slam_pipeline.egg-info/dependency_links.txt
[2.056s] writing entry points to ../build/slam_pipeline/slam_pipeline.egg-info/entry_points.txt
[2.056s] writing requirements to ../build/slam_pipeline/slam_pipeline.egg-info/requires.txt
[2.056s] writing top-level names to ../build/slam_pipeline/slam_pipeline.egg-info/top_level.txt
[2.059s] reading manifest file '../build/slam_pipeline/slam_pipeline.egg-info/SOURCES.txt'
[2.060s] writing manifest file '../build/slam_pipeline/slam_pipeline.egg-info/SOURCES.txt'
[2.061s] running build
[2.061s] running build_py
[2.061s] copying slam_pipeline/simple_lidar_odom.py -> /home/smalld/Downloads/space_robo_proj/cave_drone_sim/src/build/slam_pipeline/build/lib/slam_pipeline
[2.061s] running install
[2.062s] running install_lib
[2.063s] copying /home/smalld/Downloads/space_robo_proj/cave_drone_sim/src/build/slam_pipeline/build/lib/slam_pipeline/simple_lidar_odom.py -> /home/smalld/Downloads/space_robo_proj/cave_drone_sim/src/install/slam_pipeline/lib/python3.10/site-packages/slam_pipeline
[2.064s] byte-compiling /home/smalld/Downloads/space_robo_proj/cave_drone_sim/src/install/slam_pipeline/lib/python3.10/site-packages/slam_pipeline/simple_lidar_odom.py to simple_lidar_odom.cpython-310.pyc
[2.077s] running install_data
[2.077s] running install_egg_info
[2.080s] removing '/home/smalld/Downloads/space_robo_proj/cave_drone_sim/src/install/slam_pipeline/lib/python3.10/site-packages/slam_pipeline-0.1.0-py3.10.egg-info' (and everything under it)
[2.081s] Copying ../build/slam_pipeline/slam_pipeline.egg-info to /home/smalld/Downloads/space_robo_proj/cave_drone_sim/src/install/slam_pipeline/lib/python3.10/site-packages/slam_pipeline-0.1.0-py3.10.egg-info
[2.082s] running install_scripts
[2.115s] Installing degeneracy_detector script to /home/smalld/Downloads/space_robo_proj/cave_drone_sim/src/install/slam_pipeline/lib/slam_pipeline
[2.115s] Installing map_saver script to /home/smalld/Downloads/space_robo_proj/cave_drone_sim/src/install/slam_pipeline/lib/slam_pipeline
[2.115s] Installing octomap_builder script to /home/smalld/Downloads/space_robo_proj/cave_drone_sim/src/install/slam_pipeline/lib/slam_pipeline
[2.118s] Installing simple_lidar_odom script to /home/smalld/Downloads/space_robo_proj/cave_drone_sim/src/install/slam_pipeline/lib/slam_pipeline
[2.118s] writing list of installed files to '/home/smalld/Downloads/space_robo_proj/cave_drone_sim/src/build/slam_pipeline/install.log'
[2.224s] Invoked command in '/home/smalld/Downloads/space_robo_proj/cave_drone_sim/src/slam_pipeline' returned '0': PYTHONPATH=/home/smalld/Downloads/space_robo_proj/cave_drone_sim/src/build/slam_pipeline/prefix_override:/usr/lib/python3/dist-packages/colcon_core/task/python/colcon_distutils_commands:/home/smalld/Downloads/space_robo_proj/cave_drone_sim/src/install/slam_pipeline/lib/python3.10/site-packages:${PYTHONPATH} /usr/bin/python3 -W ignore:setup.py install is deprecated -W ignore:easy_install command is deprecated setup.py egg_info --egg-base ../build/slam_pipeline build --build-base /home/smalld/Downloads/space_robo_proj/cave_drone_sim/src/build/slam_pipeline/build install --record /home/smalld/Downloads/space_robo_proj/cave_drone_sim/src/build/slam_pipeline/install.log --single-version-externally-managed install_data
