/home/smalld/Downloads/space_robo_proj/cave_drone_sim/src/install/slam_pipeline/lib/python3.10/site-packages/slam_pipeline/simple_lidar_odom.py
/home/smalld/Downloads/space_robo_proj/cave_drone_sim/src/install/slam_pipeline/lib/python3.10/site-packages/slam_pipeline/degeneracy_detector.py
/home/smalld/Downloads/space_robo_proj/cave_drone_sim/src/install/slam_pipeline/lib/python3.10/site-packages/slam_pipeline/octomap_builder.py
/home/smalld/Downloads/space_robo_proj/cave_drone_sim/src/install/slam_pipeline/lib/python3.10/site-packages/slam_pipeline/__init__.py
/home/smalld/Downloads/space_robo_proj/cave_drone_sim/src/install/slam_pipeline/lib/python3.10/site-packages/slam_pipeline/map_saver.py
/home/smalld/Downloads/space_robo_proj/cave_drone_sim/src/install/slam_pipeline/lib/python3.10/site-packages/slam_pipeline/__pycache__/simple_lidar_odom.cpython-310.pyc
/home/smalld/Downloads/space_robo_proj/cave_drone_sim/src/install/slam_pipeline/lib/python3.10/site-packages/slam_pipeline/__pycache__/degeneracy_detector.cpython-310.pyc
/home/smalld/Downloads/space_robo_proj/cave_drone_sim/src/install/slam_pipeline/lib/python3.10/site-packages/slam_pipeline/__pycache__/octomap_builder.cpython-310.pyc
/home/smalld/Downloads/space_robo_proj/cave_drone_sim/src/install/slam_pipeline/lib/python3.10/site-packages/slam_pipeline/__pycache__/__init__.cpython-310.pyc
/home/smalld/Downloads/space_robo_proj/cave_drone_sim/src/install/slam_pipeline/lib/python3.10/site-packages/slam_pipeline/__pycache__/map_saver.cpython-310.pyc
/home/smalld/Downloads/space_robo_proj/cave_drone_sim/src/install/slam_pipeline/share/ament_index/resource_index/packages/slam_pipeline
/home/smalld/Downloads/space_robo_proj/cave_drone_sim/src/install/slam_pipeline/share/slam_pipeline/package.xml
/home/smalld/Downloads/space_robo_proj/cave_drone_sim/src/install/slam_pipeline/share/slam_pipeline/launch/slam_simple.launch.py
/home/smalld/Downloads/space_robo_proj/cave_drone_sim/src/install/slam_pipeline/share/slam_pipeline/launch/slam_fastlio.launch.py
/home/smalld/Downloads/space_robo_proj/cave_drone_sim/src/install/slam_pipeline/share/slam_pipeline/launch/slam_rtabmap.launch.py
/home/smalld/Downloads/space_robo_proj/cave_drone_sim/src/install/slam_pipeline/share/slam_pipeline/config/fastlio_cave.yaml
/home/smalld/Downloads/space_robo_proj/cave_drone_sim/src/install/slam_pipeline/share/slam_pipeline/config/rtabmap_cave.yaml
/home/smalld/Downloads/space_robo_proj/cave_drone_sim/src/install/slam_pipeline/share/slam_pipeline/config/slam_params.yaml
/home/smalld/Downloads/space_robo_proj/cave_drone_sim/src/install/slam_pipeline/lib/python3.10/site-packages/slam_pipeline-0.1.0-py3.10.egg-info/requires.txt
/home/smalld/Downloads/space_robo_proj/cave_drone_sim/src/install/slam_pipeline/lib/python3.10/site-packages/slam_pipeline-0.1.0-py3.10.egg-info/SOURCES.txt
/home/smalld/Downloads/space_robo_proj/cave_drone_sim/src/install/slam_pipeline/lib/python3.10/site-packages/slam_pipeline-0.1.0-py3.10.egg-info/PKG-INFO
/home/smalld/Downloads/space_robo_proj/cave_drone_sim/src/install/slam_pipeline/lib/python3.10/site-packages/slam_pipeline-0.1.0-py3.10.egg-info/dependency_links.txt
/home/smalld/Downloads/space_robo_proj/cave_drone_sim/src/install/slam_pipeline/lib/python3.10/site-packages/slam_pipeline-0.1.0-py3.10.egg-info/entry_points.txt
/home/smalld/Downloads/space_robo_proj/cave_drone_sim/src/install/slam_pipeline/lib/python3.10/site-packages/slam_pipeline-0.1.0-py3.10.egg-info/top_level.txt
/home/smalld/Downloads/space_robo_proj/cave_drone_sim/src/install/slam_pipeline/lib/python3.10/site-packages/slam_pipeline-0.1.0-py3.10.egg-info/zip-safe
/home/smalld/Downloads/space_robo_proj/cave_drone_sim/src/install/slam_pipeline/lib/slam_pipeline/degeneracy_detector
/home/smalld/Downloads/space_robo_proj/cave_drone_sim/src/install/slam_pipeline/lib/slam_pipeline/map_saver
/home/smalld/Downloads/space_robo_proj/cave_drone_sim/src/install/slam_pipeline/lib/slam_pipeline/octomap_builder
/home/smalld/Downloads/space_robo_proj/cave_drone_sim/src/install/slam_pipeline/lib/slam_pipeline/simple_lidar_odom
